2018/09/14 08:47:00 logger_test.go:33: 123
aa