2018/09/14 08:39:54 testing.go:777: sdfafs
